{
  "schema": "e0 * e1 * e2 * e3 * e4",
  "currentSchema": "e0 * e1 * e2 * e3 * e4",
  "estimators": {
    "e0": {
      "estimatorType": "LoadImages",
      "parameter": {
        "OutputColumnName": "ImagePath",
        "InputColumnName": "ImagePath"
      }
    },
    "e1": {
      "estimatorType": "ResizeImages",
      "parameter": {
        "OutputColumnName": "ImagePath",
        "InputColumnName": "ImagePath",
        "ImageHeight": 224,
        "ImageWidth": 224,
        "CropAnchor": "Center",
        "Resizing": "Fill"
      }
    },
    "e2": {
      "estimatorType": "ExtractPixels",
      "parameter": {
        "OutputColumnName": "ImagePath",
        "InputColumnName": "ImagePath",
        "ColorsToExtract": "Rgb",
        "OrderOfExtraction": "ARGB",
        "OutputAsFloatArray": true
      }
    },
    "e3": {
      "estimatorType": "DnnFeaturizerImage",
      "parameter": {
        "OutputColumnName": "ImagePath",
        "InputColumnName": "ImagePath",
        "ModelFactory": "resnet_18"
      }
    },
    "e4": {
      "estimatorType": "Concatenate",
      "parameter": {
        "InputColumnNames": [
          "ImagePath"
        ],
        "OutputColumnName": "Features"
      }
    }
  }
}