{
  "schema": "e0 * (e1 + e2) * e3",
  "currentSchema": "e0 * e1 * e3",
  "estimators": {
    "e0": {
      "estimatorType": "Unknown",
      "parameter": {}
    },
    "e1": {
      "estimatorType": "FastForestBinary",
      "parameter": {
        "NumberOfTrees": 4,
        "NumberOfLeaves": 4,
        "FeatureFraction": 1,
        "LabelColumnName": "Label",
        "FeatureColumnName": "Feature"
      }
    },
    "e2": {
      "estimatorType": "FastForestBinary",
      "parameter": {
        "NumberOfTrees": 4,
        "NumberOfLeaves": 4,
        "FeatureFraction": 1,
        "LabelColumnName": "Label",
        "FeatureColumnName": "Feature"
      }
    },
    "e3": {
      "estimatorType": "Unknown",
      "parameter": {}
    }
  }
}