{
  "LearningRate": {
    "type": "float",
    "default": 1,
    "min": 0.00010,
    "max": 1,
    "log_base": true
  },
  "DecreaseLearningRate": {
    "default": true,
    "choices": [
      true,
      false
    ]
  },
  "L2Regularization": {
    "type": "float",
    "default": 0,
    "min": 0,
    "max": 32768,
    "log_base": false
  },
  "NumberOfIterations": {
    "type": "int",
    "default": 1,
    "min": 1,
    "max": 512,
    "log_base": true
  },
  "InitialWeightsDiameter": {
    "type": "float",
    "default": 0,
    "min": 0,
    "max": 1,
    "log_base": false
  }
}