{
  "L2Regularization": {
    "default": 1,
    "min": 0.03125,
    "max": 32768,
    "log_base": true
  },
  "ConvergenceTolerance": {
    "default": 0.1,
    "min": 1E-06,
    "max": 0.1,
    "log_base": true
  },
  "NumberOfIterations": {
    "default": 1,
    "min": 1,
    "max": 20,
    "log_base": true
  },
  "LearningRate": {
    "default": 0.001,
    "min": 0.001,
    "max": 1,
    "log_base": true
  }
}