{
  "L2Regularization": {
    "type": "float",
    "default": 1,
    "min": 0.03125,
    "max": 32768,
    "log_base": true
  },
  "L1Regularization": {
    "type": "float",
    "default": 1,
    "min": 0.03125,
    "max": 32768,
    "log_base": true
  },
  "OptimizationTolerance": {
    "type": "float",
    "default": 0.00010,
    "min": 0.0000001,
    "max": 0.1,
    "log_base": true
  },
  "HistorySize": {
    "type": "int",
    "default": 2,
    "min": 2,
    "max": 512,
    "log_base": true
  },
  "MaximumNumberOfIterations": {
    "type": "int",
    "default": 1,
    "min": 1,
    "max": 2147483647,
    "log_base": true
  },
  "InitialWeightsDiameter": {
    "type": "float",
    "default": 0,
    "min": 0,
    "max": 1,
    "log_base": false
  },
  "DenseOptimizer": {
    "default": true,
    "choices": [
      true,
      false
    ]
  },
  "EnforceNonNegativity": {
    "default": true,
    "choices": [
      true,
      false
    ]
  }
}