{
  "TreeDepth": {
    "type": "int",
    "default": 1,
    "min": 1,
    "max": 128,
    "log_base": true
  },
  "LambdaW": {
    "type": "float",
    "default": 0.00010,
    "min": 0.00010,
    "max": 1,
    "log_base": true
  },
  "LambdaTheta": {
    "type": "float",
    "default": 0.00010,
    "min": 0.00010,
    "max": 1,
    "log_base": true
  },
  "LambdaThetaprime": {
    "type": "float",
    "default": 0.00010,
    "min": 0.00010,
    "max": 1,
    "log_base": true
  },
  "Sigma": {
    "type": "float",
    "default": 0.00010,
    "min": 0.00010,
    "max": 1,
    "log_base": true
  },
  "UseBias": {
    "default": true,
    "choices": [
      true,
      false
    ]
  },
  "NumberOfIterations": {
    "type": "int",
    "default": 1,
    "min": 1,
    "max": 2147483647,
    "log_base": true
  }
}