<Project Sdk="Microsoft.NET.Sdk">

  <PropertyGroup>
    <TargetFramework>netstandard2.0</TargetFramework>
  </PropertyGroup>
  <ItemGroup>
    <PackageReference Include="Microsoft.ML" Version="1.4.0" />
    <PackageReference Include="Microsoft.ML.LightGBM" Version="1.4.0" />
    <PackageReference Include="Microsoft.ML.Mkl.Components" Version="1.4.0" />
    <PackageReference Include="Microsoft.ML.FastTree" Version="1.4.0" />
  </ItemGroup>

  <ItemGroup>
    <None Update="MLModel.zip">
      <CopyToOutputDirectory>PreserveNewest</CopyToOutputDirectory>
    </None>
  </ItemGroup>
  
</Project>
