<Project Sdk="Microsoft.NET.Sdk">

  <PropertyGroup>
    <TargetFramework>netstandard2.0</TargetFramework>
  </PropertyGroup>
  <ItemGroup>
    <PackageReference Include="Microsoft.ML" Version="stableversion" />
    <PackageReference Include="Microsoft.ML.ImageAnalytics" Version="stableversion" />
    <PackageReference Include="Microsoft.ML.OnnxTransformer" Version="stableversion" />
    <PackageReference Include="Microsoft.ML.OnnxRuntime" Version="1.2.3" />
  </ItemGroup>

  <ItemGroup>
    <None Update="MLModel.zip">
      <CopyToOutputDirectory>PreserveNewest</CopyToOutputDirectory>
    </None>
    <None Update="bestModel.onnx">
      <CopyToOutputDirectory>PreserveNewest</CopyToOutputDirectory>
    </None>
    <None Update="bestModelMap.json">
      <CopyToOutputDirectory>PreserveNewest</CopyToOutputDirectory>
    </None>
  </ItemGroup>

  <ItemGroup>
    <ProjectCapability Include="ModelBuilderGenerated" />
  </ItemGroup>
</Project>
