//*****************************************************************************************
//*                                                                                       *
//* This is an auto-generated file by Microsoft ML.NET CLI (Command-Line Interface) tool. *
//*                                                                                       *
//*****************************************************************************************

using System;
using TestNamespace.Model;

namespace TestNamespace.ConsoleApp
{
    class Program
    {
        static void Main(string[] args)
        {
            // Create single instance of sample data from first line of dataset for model input
            ModelInput sampleData = new ModelInput();

            // Make a single prediction on the sample data and print results
            var predictionResult = ConsumeModel.Predict(sampleData);

            Console.WriteLine("Using model to make single prediction -- Comparing actual Label with predicted Label from sample data...\n\n");
            Console.WriteLine($"col1: {sampleData.Col1}");
            Console.WriteLine($"col2: {sampleData.Col2}");
            Console.WriteLine($"col3: {sampleData.Col3}");
            Console.WriteLine($"col4: {sampleData.Col4}");
            Console.WriteLine($"col5: {sampleData.Col5}");
            Console.WriteLine($"\n\nPredicted Label: {predictionResult.Prediction}\n\n");
            Console.WriteLine("=============== End of process, hit any key to finish ===============");
            Console.ReadKey();
        }
    }
}
