//*****************************************************************************************
//*                                                                                       *
//* This is an auto-generated file by Microsoft ML.NET CLI (Command-Line Interface) tool. *
//*                                                                                       *
//*****************************************************************************************

using System;
using System.Collections.Generic;
using System.IO;
using System.Linq;
using Microsoft.ML;
using Microsoft.ML.Data;
using TestNamespace.Model;
using Microsoft.ML.Trainers;

namespace TestNamespace.ConsoleApp
{
    public static class ModelBuilder
    {
        private static string TRAIN_DATA_FILEPATH = @"x:\dummypath\dummy_train.csv";
        private static string TEST_DATA_FILEPATH = @"x:\dummypath\dummy_test.csv";
        private static string MODEL_FILE = ConsumeModel.MLNetModelPath;

        // Create MLContext to be shared across the model creation workflow objects 
        // Set a random seed for repeatable/deterministic results across multiple trainings.
        private static MLContext mlContext = new MLContext(seed: 1);

        public static void CreateModel()
        {
            // Load Data
            IDataView trainingDataView = mlContext.Data.LoadFromTextFile<ModelInput>(
                                            path: TRAIN_DATA_FILEPATH,
                                            hasHeader: true,
                                            separatorChar: ',',
                                            allowQuoting: true,
                                            allowSparse: true);

            IDataView testDataView = mlContext.Data.LoadFromTextFile<ModelInput>(
                                            path: TEST_DATA_FILEPATH,
                                            hasHeader: true,
                                            separatorChar: ',',
                                            allowQuoting: true,
                                            allowSparse: true);
            // Build training pipeline
            IEstimator<ITransformer> trainingPipeline = BuildTrainingPipeline(mlContext);

            // Train Model
            ITransformer mlModel = TrainModel(mlContext, trainingDataView, trainingPipeline);

            // Evaluate quality of Model
            EvaluateModel(mlContext, mlModel, testDataView);

            // Save model
            SaveModel(mlContext, mlModel, MODEL_FILE, trainingDataView.Schema);
        }

        public static IEstimator<ITransformer> BuildTrainingPipeline(MLContext mlContext)
        {
            // Data process configuration with pipeline data transformations 
            var dataProcessPipeline = mlContext.Transforms.Conversion.MapValueToKey("userId", "userId")
                                      .Append(mlContext.Transforms.Conversion.MapValueToKey("movieId", "movieId"));
            // Set the training algorithm 
            var trainer = mlContext.Recommendation().Trainers.MatrixFactorization(new MatrixFactorizationTrainer.Options() { MatrixColumnIndexColumnName = "userId", MatrixRowIndexColumnName = "movieId", LabelColumnName = "Label", NumberOfIterations = 10, LearningRate = 0.01f, ApproximationRank = 8, Lambda = 0.01f, LossFunction = MatrixFactorizationTrainer.LossFunctionType.SquareLossRegression, Alpha = 1f, C = 1E-05f });

            var trainingPipeline = dataProcessPipeline.Append(trainer);

            return trainingPipeline;
        }

        public static ITransformer TrainModel(MLContext mlContext, IDataView trainingDataView, IEstimator<ITransformer> trainingPipeline)
        {
            Console.WriteLine("=============== Training  model ===============");

            ITransformer model = trainingPipeline.Fit(trainingDataView);

            Console.WriteLine("=============== End of training process ===============");
            return model;
        }

        private static void EvaluateModel(MLContext mlContext, ITransformer mlModel, IDataView testDataView)
        {
            // Evaluate the model and show accuracy stats
            Console.WriteLine("===== Evaluating Model's accuracy with Test data =====");
            IDataView predictions = mlModel.Transform(testDataView);
            var metrics = mlContext.Recommendation().Evaluate(predictions, "Label", "Score");
            PrintRegressionMetrics(metrics);
        }

        private static void SaveModel(MLContext mlContext, ITransformer mlModel, string modelRelativePath, DataViewSchema modelInputSchema)
        {
            // Save/persist the trained model to a .ZIP file
            Console.WriteLine($"=============== Saving the model  ===============");
            mlContext.Model.Save(mlModel, modelInputSchema, GetAbsolutePath(modelRelativePath));
            Console.WriteLine("The model is saved to {0}", GetAbsolutePath(modelRelativePath));
        }

        public static string GetAbsolutePath(string relativePath)
        {
            FileInfo _dataRoot = new FileInfo(typeof(Program).Assembly.Location);
            string assemblyFolderPath = _dataRoot.Directory.FullName;

            string fullPath = Path.Combine(assemblyFolderPath, relativePath);

            return fullPath;
        }

        public static void PrintRegressionMetrics(RegressionMetrics metrics)
        {
            Console.WriteLine($"*************************************************");
            Console.WriteLine($"*       Metrics for Recommendation model      ");
            Console.WriteLine($"*------------------------------------------------");
            Console.WriteLine($"*       LossFn:        {metrics.LossFunction:0.##}");
            Console.WriteLine($"*       R2 Score:      {metrics.RSquared:0.##}");
            Console.WriteLine($"*       Absolute loss: {metrics.MeanAbsoluteError:#.##}");
            Console.WriteLine($"*       Squared loss:  {metrics.MeanSquaredError:#.##}");
            Console.WriteLine($"*       RMS loss:      {metrics.RootMeanSquaredError:#.##}");
            Console.WriteLine($"*************************************************");
        }

        public static void PrintRegressionFoldsAverageMetrics(IEnumerable<TrainCatalogBase.CrossValidationResult<RegressionMetrics>> crossValidationResults)
        {
            var L1 = crossValidationResults.Select(r => r.Metrics.MeanAbsoluteError);
            var L2 = crossValidationResults.Select(r => r.Metrics.MeanSquaredError);
            var RMS = crossValidationResults.Select(r => r.Metrics.RootMeanSquaredError);
            var lossFunction = crossValidationResults.Select(r => r.Metrics.LossFunction);
            var R2 = crossValidationResults.Select(r => r.Metrics.RSquared);

            Console.WriteLine($"*************************************************************************************************************");
            Console.WriteLine($"*       Metrics for Recommendation model      ");
            Console.WriteLine($"*------------------------------------------------------------------------------------------------------------");
            Console.WriteLine($"*       Average L1 Loss:       {L1.Average():0.###} ");
            Console.WriteLine($"*       Average L2 Loss:       {L2.Average():0.###}  ");
            Console.WriteLine($"*       Average RMS:           {RMS.Average():0.###}  ");
            Console.WriteLine($"*       Average Loss Function: {lossFunction.Average():0.###}  ");
            Console.WriteLine($"*       Average R-squared:     {R2.Average():0.###}  ");
            Console.WriteLine($"*************************************************************************************************************");
        }
    }
}
