//*****************************************************************************************
//*                                                                                       *
//* This is an auto-generated file by Microsoft ML.NET CLI (Command-Line Interface) tool. *
//*                                                                                       *
//*****************************************************************************************

using System;
using Microsoft.ML.Data;

namespace TestNamespace.Model
{
    public class ModelOutput
    {
        // ColumnName attribute is used to change the column name from
        // its default value, which is the name of the field.
        [ColumnName("PredictedLabel")]
        public bool Prediction { get; set; }
        public float Score { get; set; }
    }
}
