//*****************************************************************************************
//*                                                                                       *
//* This is an auto-generated file by Microsoft ML.NET CLI (Command-Line Interface) tool. *
//*                                                                                       *
//*****************************************************************************************

using System;
using System.Collections.Generic;
using System.IO;
using System.Linq;
using Microsoft.ML;
using Microsoft.ML.Data;
using TestNamespace.Model;

namespace TestNamespace.ConsoleApp
{
    public static class ModelBuilder
    {
        private static string TRAIN_DATA_FILEPATH = @"x:\dummypath\dummy_train.csv";
        private static string TEST_DATA_FILEPATH = @"x:\dummypath\dummy_test.csv";
        private static string MODEL_FILE = ConsumeModel.MLNetModelPath;

        // Create MLContext to be shared across the model creation workflow objects 
        // Set a random seed for repeatable/deterministic results across multiple trainings.
        private static MLContext mlContext = new MLContext(seed: 1);

        public static void CreateModel()
        {
            // Load Data
            IDataView trainingDataView = mlContext.Data.LoadFromTextFile<ModelInput>(
                                            path: TRAIN_DATA_FILEPATH,
                                            hasHeader: true,
                                            separatorChar: ',',
                                            allowQuoting: true,
                                            allowSparse: true);

            IDataView testDataView = mlContext.Data.LoadFromTextFile<ModelInput>(
                                            path: TEST_DATA_FILEPATH,
                                            hasHeader: true,
                                            separatorChar: ',',
                                            allowQuoting: true,
                                            allowSparse: true);
            // Build training pipeline
            IEstimator<ITransformer> trainingPipeline = BuildTrainingPipeline(mlContext);

            // Train Model
            ITransformer mlModel = TrainModel(mlContext, trainingDataView, trainingPipeline);

            // Evaluate quality of Model
            EvaluateModel(mlContext, mlModel, testDataView);

            // Save model
            SaveModel(mlContext, mlModel, MODEL_FILE, trainingDataView.Schema);
        }

        public static IEstimator<ITransformer> BuildTrainingPipeline(MLContext mlContext)
        {
            // Data process configuration with pipeline data transformations 
            var dataProcessPipeline = mlContext.Transforms.Concatenate("Out", new[] { "In" })
                                      .AppendCacheCheckpoint(mlContext);
            // Set the training algorithm 
            var trainer = mlContext.BinaryClassification.Trainers.LightGbm(labelColumnName: "Label", featureColumnName: "Features");

            var trainingPipeline = dataProcessPipeline.Append(trainer);

            return trainingPipeline;
        }

        public static ITransformer TrainModel(MLContext mlContext, IDataView trainingDataView, IEstimator<ITransformer> trainingPipeline)
        {
            Console.WriteLine("=============== Training  model ===============");

            ITransformer model = trainingPipeline.Fit(trainingDataView);

            Console.WriteLine("=============== End of training process ===============");
            return model;
        }

        private static void EvaluateModel(MLContext mlContext, ITransformer mlModel, IDataView testDataView)
        {
            // Evaluate the model and show accuracy stats
            Console.WriteLine("===== Evaluating Model's accuracy with Test data =====");
            IDataView predictions = mlModel.Transform(testDataView);
            var metrics = mlContext.BinaryClassification.EvaluateNonCalibrated(predictions, "Label", "Score");
            PrintBinaryClassificationMetrics(metrics);
        }

        private static void SaveModel(MLContext mlContext, ITransformer mlModel, string modelRelativePath, DataViewSchema modelInputSchema)
        {
            // Save/persist the trained model to a .ZIP file
            Console.WriteLine($"=============== Saving the model  ===============");
            mlContext.Model.Save(mlModel, modelInputSchema, GetAbsolutePath(modelRelativePath));
            Console.WriteLine("The model is saved to {0}", GetAbsolutePath(modelRelativePath));
        }

        public static string GetAbsolutePath(string relativePath)
        {
            FileInfo _dataRoot = new FileInfo(typeof(Program).Assembly.Location);
            string assemblyFolderPath = _dataRoot.Directory.FullName;

            string fullPath = Path.Combine(assemblyFolderPath, relativePath);

            return fullPath;
        }

        public static void PrintBinaryClassificationMetrics(BinaryClassificationMetrics metrics)
        {
            Console.WriteLine($"************************************************************");
            Console.WriteLine($"*       Metrics for binary classification model      ");
            Console.WriteLine($"*-----------------------------------------------------------");
            Console.WriteLine($"*       Accuracy: {metrics.Accuracy:P2}");
            Console.WriteLine($"*       Auc:      {metrics.AreaUnderRocCurve:P2}");
            Console.WriteLine($"************************************************************");
        }


        public static void PrintBinaryClassificationFoldsAverageMetrics(IEnumerable<TrainCatalogBase.CrossValidationResult<BinaryClassificationMetrics>> crossValResults)
        {
            var metricsInMultipleFolds = crossValResults.Select(r => r.Metrics);

            var AccuracyValues = metricsInMultipleFolds.Select(m => m.Accuracy);
            var AccuracyAverage = AccuracyValues.Average();
            var AccuraciesStdDeviation = CalculateStandardDeviation(AccuracyValues);
            var AccuraciesConfidenceInterval95 = CalculateConfidenceInterval95(AccuracyValues);


            Console.WriteLine($"*************************************************************************************************************");
            Console.WriteLine($"*       Metrics for Binary Classification model      ");
            Console.WriteLine($"*------------------------------------------------------------------------------------------------------------");
            Console.WriteLine($"*       Average Accuracy:    {AccuracyAverage:0.###}  - Standard deviation: ({AccuraciesStdDeviation:#.###})  - Confidence Interval 95%: ({AccuraciesConfidenceInterval95:#.###})");
            Console.WriteLine($"*************************************************************************************************************");
        }

        public static double CalculateStandardDeviation(IEnumerable<double> values)
        {
            double average = values.Average();
            double sumOfSquaresOfDifferences = values.Select(val => (val - average) * (val - average)).Sum();
            double standardDeviation = Math.Sqrt(sumOfSquaresOfDifferences / (values.Count() - 1));
            return standardDeviation;
        }

        public static double CalculateConfidenceInterval95(IEnumerable<double> values)
        {
            double confidenceInterval95 = 1.96 * CalculateStandardDeviation(values) / Math.Sqrt((values.Count() - 1));
            return confidenceInterval95;
        }
    }
}
