//*****************************************************************************************
//*                                                                                       *
//* This is an auto-generated file by Microsoft ML.NET CLI (Command-Line Interface) tool. *
//*                                                                                       *
//*****************************************************************************************

using System;
using Microsoft.ML.Data;

namespace TestNamespace.Model
{
    public class ModelOutput
    {
        public float Score { get; set; }
    }
}
