<Project Sdk="Microsoft.NET.Sdk">

  <PropertyGroup>
    <TargetFramework>netstandard2.0</TargetFramework>
  </PropertyGroup>
  <ItemGroup>
    <PackageReference Include="Microsoft.ML" Version="StablePackageVersion" />
    <PackageReference Include="Microsoft.ML.OnnxTransformer" Version="StablePackageVersion" />
  </ItemGroup>

  <ItemGroup>
    <None Update="MLModel.zip">
      <CopyToOutputDirectory>PreserveNewest</CopyToOutputDirectory>
    </None>
    <None Update="bestModel.onnx">
      <CopyToOutputDirectory>PreserveNewest</CopyToOutputDirectory>
    </None>
  </ItemGroup>
  
</Project>
