<Project Sdk="Microsoft.NET.Sdk">

  <PropertyGroup>
    <OutputType>Exe</OutputType>
    <TargetFramework>netcoreapp2.1</TargetFramework>
  </PropertyGroup>
  <ItemGroup>
    <PackageReference Include="Microsoft.ML" Version="stableversion" />
    <PackageReference Include="Microsoft.ML.ImageAnalytics" Version="stableversion" />
    <PackageReference Include="Microsoft.ML.OnnxTransformer" Version="stableversion" />
  </ItemGroup>
  <ItemGroup>
    <ProjectReference Include="..\CodeGenTest.Model\CodeGenTest.Model.csproj" />
  </ItemGroup>
</Project>
