// This file was auto-generated by ML.NET Model Builder. 

using Microsoft.ML.Data;

namespace CodeGenTest.Model
{
    public class ModelInput
    {
        [ColumnName("Label"), LoadColumn(0)]
        public string Label { get; set; }


        [ColumnName("ImageSource"), LoadColumn(1)]
        public string ImageSource { get; set; }


    }
}
