// This file was auto-generated by ML.NET Model Builder. 

using System;
using Microsoft.ML.Data;
using System.Linq;

namespace CodeGenTest.Model
{
    public class ModelOutput
    {
        [ColumnName("output1")]
        public float[] Output1 { get; set; }

        public string[] ClassificationLabels = new string[] { };

        public string Prediction
        {
            get
            {
                var maxScore = this.Score.Max();
                var maxIndex = Array.IndexOf(this.Score, maxScore);
                return this.ClassificationLabels[maxIndex];
            }
        }

        public float[] Score
        {
            get
            {
                var exp = this.Output1.Select(x => (float)Math.Exp(x));
                var exp_sum = exp.Sum();
                return exp.Select(x => x / exp_sum).ToArray();
            }
        }
    }
}

