//*****************************************************************************************
//*                                                                                       *
//* This is an auto-generated file by Microsoft ML.NET CLI (Command-Line Interface) tool. *
//*                                                                                       *
//*****************************************************************************************

using System;
using System.Collections.Generic;
using System.Linq;
using System.Text;
using Microsoft.ML;
using TestNamespace.Model;

namespace TestNamespace.Model
{
    public class ConsumeModel
    {
        private static Lazy<PredictionEngine<ModelInput, ModelOutput>> PredictionEngine = new Lazy<PredictionEngine<ModelInput, ModelOutput>>(CreatePredictionEngine);

        // For more info on consuming ML.NET models, visit https://aka.ms/mlnet-consume
        // Method for consuming model in your app
        public static ModelOutput Predict(ModelInput input)
        {
            ModelOutput result = PredictionEngine.Value.Predict(input);
            return result;
        }

        public static PredictionEngine<ModelInput, ModelOutput> CreatePredictionEngine()
        {
            // Create new MLContext
            MLContext mlContext = new MLContext();

            // Load model & create prediction engine
            string modelPath = @"x:\models\model.zip";
            ITransformer mlModel = mlContext.Model.Load(modelPath, out var modelInputSchema);
            var predEngine = mlContext.Model.CreatePredictionEngine<ModelInput, ModelOutput>(mlModel);

            return predEngine;
        }
    }
}
