50256, 6090, 345, 2148, 2842, 284, 4483, 17790, 286, 35484, 290, 10441, 69, 50187, 30
50256, 19457, 0, 3423, 389, 617, 2842, 284, 4483, 35484, 290, 10441, 69, 50187, 1978, 25, 352, 13, 40058, 290, 10441, 34711, 7209, 494, 25, 41198, 35484, 290, 10441, 69, 50187, 1978, 351, 617, 7545, 290, 12498, 13, 362, 13, 40058, 290, 10441, 34711, 20698, 25, 15561, 26790, 35484, 290, 10441, 69, 50187, 1978, 351, 617, 18873, 13135, 290, 12498, 13
50256, 2061, 546, 18120, 281, 362, 87, 1343, 513, 796, 767, 16022, 30
