{
  "model.layers.0": 216,
  "model.layers.1": 216,
  "model.layers.2": 216,
  "model.layers.3": 216,
  "model.layers.4": 216,
  "model.layers.5": 216,
  "model.layers.6": 216,
  "model.layers.7": 216,
  "model.layers.8": 216,
  "model.layers.9": 216,
  "model.layers.10": 216,
  "model.layers.11": 216,
  "model.layers.12": 216,
  "model.layers.13": 216,
  "model.layers.14": 216,
  "model.layers.15": 216,
  "model.layers.16": 216,
  "model.layers.17": 216,
  "model.layers.18": 216,
  "model.layers.19": 216,
  "model.layers.20": 216,
  "model.layers.21": 216,
  "model.layers.22": 216,
  "model.layers.23": 216,
  "model.layers.24": 216,
  "model.layers.25": 216,
  "model.layers.26": 216,
  "model.layers.27": 216,
  "model.layers.28": 216,
  "model.layers.29": 216,
  "model.layers.30": 216,
  "model.layers.31": 216
}