0: lm_head.weight shape: [32064, 3072]
1: model.embed_tokens.weight shape: [32064, 3072]
2: model.layers.0.input_layernorm.weight shape: [3072]
3: model.layers.0.mlp.down_proj.8bit_weight shape: [3072, 8192]
4: model.layers.0.mlp.down_proj.scale shape: [3072]
5: model.layers.0.mlp.down_proj.zeroPoint shape: [3072]
6: model.layers.0.mlp.gate_up_proj.8bit_weight shape: [16384, 3072]
7: model.layers.0.mlp.gate_up_proj.scale shape: [16384]
8: model.layers.0.mlp.gate_up_proj.zeroPoint shape: [16384]
9: model.layers.0.post_attention_layernorm.weight shape: [3072]
10: model.layers.0.self_attn.o_proj.8bit_weight shape: [3072, 3072]
11: model.layers.0.self_attn.o_proj.scale shape: [3072]
12: model.layers.0.self_attn.o_proj.zeroPoint shape: [3072]
13: model.layers.0.self_attn.qkv_proj.8bit_weight shape: [9216, 3072]
14: model.layers.0.self_attn.qkv_proj.scale shape: [9216]
15: model.layers.0.self_attn.qkv_proj.zeroPoint shape: [9216]
16: model.layers.1.input_layernorm.weight shape: [3072]
17: model.layers.1.mlp.down_proj.8bit_weight shape: [3072, 8192]
18: model.layers.1.mlp.down_proj.scale shape: [3072]
19: model.layers.1.mlp.down_proj.zeroPoint shape: [3072]
20: model.layers.1.mlp.gate_up_proj.8bit_weight shape: [16384, 3072]
21: model.layers.1.mlp.gate_up_proj.scale shape: [16384]
22: model.layers.1.mlp.gate_up_proj.zeroPoint shape: [16384]
23: model.layers.1.post_attention_layernorm.weight shape: [3072]
24: model.layers.1.self_attn.o_proj.8bit_weight shape: [3072, 3072]
25: model.layers.1.self_attn.o_proj.scale shape: [3072]
26: model.layers.1.self_attn.o_proj.zeroPoint shape: [3072]
27: model.layers.1.self_attn.qkv_proj.8bit_weight shape: [9216, 3072]
28: model.layers.1.self_attn.qkv_proj.scale shape: [9216]
29: model.layers.1.self_attn.qkv_proj.zeroPoint shape: [9216]
30: model.layers.10.input_layernorm.weight shape: [3072]
31: model.layers.10.mlp.down_proj.8bit_weight shape: [3072, 8192]
32: model.layers.10.mlp.down_proj.scale shape: [3072]
33: model.layers.10.mlp.down_proj.zeroPoint shape: [3072]
34: model.layers.10.mlp.gate_up_proj.8bit_weight shape: [16384, 3072]
35: model.layers.10.mlp.gate_up_proj.scale shape: [16384]
36: model.layers.10.mlp.gate_up_proj.zeroPoint shape: [16384]
37: model.layers.10.post_attention_layernorm.weight shape: [3072]
38: model.layers.10.self_attn.o_proj.8bit_weight shape: [3072, 3072]
39: model.layers.10.self_attn.o_proj.scale shape: [3072]
40: model.layers.10.self_attn.o_proj.zeroPoint shape: [3072]
41: model.layers.10.self_attn.qkv_proj.8bit_weight shape: [9216, 3072]
42: model.layers.10.self_attn.qkv_proj.scale shape: [9216]
43: model.layers.10.self_attn.qkv_proj.zeroPoint shape: [9216]
44: model.layers.11.input_layernorm.weight shape: [3072]
45: model.layers.11.mlp.down_proj.8bit_weight shape: [3072, 8192]
46: model.layers.11.mlp.down_proj.scale shape: [3072]
47: model.layers.11.mlp.down_proj.zeroPoint shape: [3072]
48: model.layers.11.mlp.gate_up_proj.8bit_weight shape: [16384, 3072]
49: model.layers.11.mlp.gate_up_proj.scale shape: [16384]
50: model.layers.11.mlp.gate_up_proj.zeroPoint shape: [16384]
51: model.layers.11.post_attention_layernorm.weight shape: [3072]
52: model.layers.11.self_attn.o_proj.8bit_weight shape: [3072, 3072]
53: model.layers.11.self_attn.o_proj.scale shape: [3072]
54: model.layers.11.self_attn.o_proj.zeroPoint shape: [3072]
55: model.layers.11.self_attn.qkv_proj.8bit_weight shape: [9216, 3072]
56: model.layers.11.self_attn.qkv_proj.scale shape: [9216]
57: model.layers.11.self_attn.qkv_proj.zeroPoint shape: [9216]
58: model.layers.12.input_layernorm.weight shape: [3072]
59: model.layers.12.mlp.down_proj.8bit_weight shape: [3072, 8192]
60: model.layers.12.mlp.down_proj.scale shape: [3072]
61: model.layers.12.mlp.down_proj.zeroPoint shape: [3072]
62: model.layers.12.mlp.gate_up_proj.8bit_weight shape: [16384, 3072]
63: model.layers.12.mlp.gate_up_proj.scale shape: [16384]
64: model.layers.12.mlp.gate_up_proj.zeroPoint shape: [16384]
65: model.layers.12.post_attention_layernorm.weight shape: [3072]
66: model.layers.12.self_attn.o_proj.8bit_weight shape: [3072, 3072]
67: model.layers.12.self_attn.o_proj.scale shape: [3072]
68: model.layers.12.self_attn.o_proj.zeroPoint shape: [3072]
69: model.layers.12.self_attn.qkv_proj.8bit_weight shape: [9216, 3072]
70: model.layers.12.self_attn.qkv_proj.scale shape: [9216]
71: model.layers.12.self_attn.qkv_proj.zeroPoint shape: [9216]
72: model.layers.13.input_layernorm.weight shape: [3072]
73: model.layers.13.mlp.down_proj.8bit_weight shape: [3072, 8192]
74: model.layers.13.mlp.down_proj.scale shape: [3072]
75: model.layers.13.mlp.down_proj.zeroPoint shape: [3072]
76: model.layers.13.mlp.gate_up_proj.8bit_weight shape: [16384, 3072]
77: model.layers.13.mlp.gate_up_proj.scale shape: [16384]
78: model.layers.13.mlp.gate_up_proj.zeroPoint shape: [16384]
79: model.layers.13.post_attention_layernorm.weight shape: [3072]
80: model.layers.13.self_attn.o_proj.8bit_weight shape: [3072, 3072]
81: model.layers.13.self_attn.o_proj.scale shape: [3072]
82: model.layers.13.self_attn.o_proj.zeroPoint shape: [3072]
83: model.layers.13.self_attn.qkv_proj.8bit_weight shape: [9216, 3072]
84: model.layers.13.self_attn.qkv_proj.scale shape: [9216]
85: model.layers.13.self_attn.qkv_proj.zeroPoint shape: [9216]
86: model.layers.14.input_layernorm.weight shape: [3072]
87: model.layers.14.mlp.down_proj.8bit_weight shape: [3072, 8192]
88: model.layers.14.mlp.down_proj.scale shape: [3072]
89: model.layers.14.mlp.down_proj.zeroPoint shape: [3072]
90: model.layers.14.mlp.gate_up_proj.8bit_weight shape: [16384, 3072]
91: model.layers.14.mlp.gate_up_proj.scale shape: [16384]
92: model.layers.14.mlp.gate_up_proj.zeroPoint shape: [16384]
93: model.layers.14.post_attention_layernorm.weight shape: [3072]
94: model.layers.14.self_attn.o_proj.8bit_weight shape: [3072, 3072]
95: model.layers.14.self_attn.o_proj.scale shape: [3072]
96: model.layers.14.self_attn.o_proj.zeroPoint shape: [3072]
97: model.layers.14.self_attn.qkv_proj.8bit_weight shape: [9216, 3072]
98: model.layers.14.self_attn.qkv_proj.scale shape: [9216]
99: model.layers.14.self_attn.qkv_proj.zeroPoint shape: [9216]
100: model.layers.15.input_layernorm.weight shape: [3072]
101: model.layers.15.mlp.down_proj.8bit_weight shape: [3072, 8192]
102: model.layers.15.mlp.down_proj.scale shape: [3072]
103: model.layers.15.mlp.down_proj.zeroPoint shape: [3072]
104: model.layers.15.mlp.gate_up_proj.8bit_weight shape: [16384, 3072]
105: model.layers.15.mlp.gate_up_proj.scale shape: [16384]
106: model.layers.15.mlp.gate_up_proj.zeroPoint shape: [16384]
107: model.layers.15.post_attention_layernorm.weight shape: [3072]
108: model.layers.15.self_attn.o_proj.8bit_weight shape: [3072, 3072]
109: model.layers.15.self_attn.o_proj.scale shape: [3072]
110: model.layers.15.self_attn.o_proj.zeroPoint shape: [3072]
111: model.layers.15.self_attn.qkv_proj.8bit_weight shape: [9216, 3072]
112: model.layers.15.self_attn.qkv_proj.scale shape: [9216]
113: model.layers.15.self_attn.qkv_proj.zeroPoint shape: [9216]
114: model.layers.16.input_layernorm.weight shape: [3072]
115: model.layers.16.mlp.down_proj.8bit_weight shape: [3072, 8192]
116: model.layers.16.mlp.down_proj.scale shape: [3072]
117: model.layers.16.mlp.down_proj.zeroPoint shape: [3072]
118: model.layers.16.mlp.gate_up_proj.8bit_weight shape: [16384, 3072]
119: model.layers.16.mlp.gate_up_proj.scale shape: [16384]
120: model.layers.16.mlp.gate_up_proj.zeroPoint shape: [16384]
121: model.layers.16.post_attention_layernorm.weight shape: [3072]
122: model.layers.16.self_attn.o_proj.8bit_weight shape: [3072, 3072]
123: model.layers.16.self_attn.o_proj.scale shape: [3072]
124: model.layers.16.self_attn.o_proj.zeroPoint shape: [3072]
125: model.layers.16.self_attn.qkv_proj.8bit_weight shape: [9216, 3072]
126: model.layers.16.self_attn.qkv_proj.scale shape: [9216]
127: model.layers.16.self_attn.qkv_proj.zeroPoint shape: [9216]
128: model.layers.17.input_layernorm.weight shape: [3072]
129: model.layers.17.mlp.down_proj.8bit_weight shape: [3072, 8192]
130: model.layers.17.mlp.down_proj.scale shape: [3072]
131: model.layers.17.mlp.down_proj.zeroPoint shape: [3072]
132: model.layers.17.mlp.gate_up_proj.8bit_weight shape: [16384, 3072]
133: model.layers.17.mlp.gate_up_proj.scale shape: [16384]
134: model.layers.17.mlp.gate_up_proj.zeroPoint shape: [16384]
135: model.layers.17.post_attention_layernorm.weight shape: [3072]
136: model.layers.17.self_attn.o_proj.8bit_weight shape: [3072, 3072]
137: model.layers.17.self_attn.o_proj.scale shape: [3072]
138: model.layers.17.self_attn.o_proj.zeroPoint shape: [3072]
139: model.layers.17.self_attn.qkv_proj.8bit_weight shape: [9216, 3072]
140: model.layers.17.self_attn.qkv_proj.scale shape: [9216]
141: model.layers.17.self_attn.qkv_proj.zeroPoint shape: [9216]
142: model.layers.18.input_layernorm.weight shape: [3072]
143: model.layers.18.mlp.down_proj.8bit_weight shape: [3072, 8192]
144: model.layers.18.mlp.down_proj.scale shape: [3072]
145: model.layers.18.mlp.down_proj.zeroPoint shape: [3072]
146: model.layers.18.mlp.gate_up_proj.8bit_weight shape: [16384, 3072]
147: model.layers.18.mlp.gate_up_proj.scale shape: [16384]
148: model.layers.18.mlp.gate_up_proj.zeroPoint shape: [16384]
149: model.layers.18.post_attention_layernorm.weight shape: [3072]
150: model.layers.18.self_attn.o_proj.8bit_weight shape: [3072, 3072]
151: model.layers.18.self_attn.o_proj.scale shape: [3072]
152: model.layers.18.self_attn.o_proj.zeroPoint shape: [3072]
153: model.layers.18.self_attn.qkv_proj.8bit_weight shape: [9216, 3072]
154: model.layers.18.self_attn.qkv_proj.scale shape: [9216]
155: model.layers.18.self_attn.qkv_proj.zeroPoint shape: [9216]
156: model.layers.19.input_layernorm.weight shape: [3072]
157: model.layers.19.mlp.down_proj.8bit_weight shape: [3072, 8192]
158: model.layers.19.mlp.down_proj.scale shape: [3072]
159: model.layers.19.mlp.down_proj.zeroPoint shape: [3072]
160: model.layers.19.mlp.gate_up_proj.8bit_weight shape: [16384, 3072]
161: model.layers.19.mlp.gate_up_proj.scale shape: [16384]
162: model.layers.19.mlp.gate_up_proj.zeroPoint shape: [16384]
163: model.layers.19.post_attention_layernorm.weight shape: [3072]
164: model.layers.19.self_attn.o_proj.8bit_weight shape: [3072, 3072]
165: model.layers.19.self_attn.o_proj.scale shape: [3072]
166: model.layers.19.self_attn.o_proj.zeroPoint shape: [3072]
167: model.layers.19.self_attn.qkv_proj.8bit_weight shape: [9216, 3072]
168: model.layers.19.self_attn.qkv_proj.scale shape: [9216]
169: model.layers.19.self_attn.qkv_proj.zeroPoint shape: [9216]
170: model.layers.2.input_layernorm.weight shape: [3072]
171: model.layers.2.mlp.down_proj.8bit_weight shape: [3072, 8192]
172: model.layers.2.mlp.down_proj.scale shape: [3072]
173: model.layers.2.mlp.down_proj.zeroPoint shape: [3072]
174: model.layers.2.mlp.gate_up_proj.8bit_weight shape: [16384, 3072]
175: model.layers.2.mlp.gate_up_proj.scale shape: [16384]
176: model.layers.2.mlp.gate_up_proj.zeroPoint shape: [16384]
177: model.layers.2.post_attention_layernorm.weight shape: [3072]
178: model.layers.2.self_attn.o_proj.8bit_weight shape: [3072, 3072]
179: model.layers.2.self_attn.o_proj.scale shape: [3072]
180: model.layers.2.self_attn.o_proj.zeroPoint shape: [3072]
181: model.layers.2.self_attn.qkv_proj.8bit_weight shape: [9216, 3072]
182: model.layers.2.self_attn.qkv_proj.scale shape: [9216]
183: model.layers.2.self_attn.qkv_proj.zeroPoint shape: [9216]
184: model.layers.20.input_layernorm.weight shape: [3072]
185: model.layers.20.mlp.down_proj.8bit_weight shape: [3072, 8192]
186: model.layers.20.mlp.down_proj.scale shape: [3072]
187: model.layers.20.mlp.down_proj.zeroPoint shape: [3072]
188: model.layers.20.mlp.gate_up_proj.8bit_weight shape: [16384, 3072]
189: model.layers.20.mlp.gate_up_proj.scale shape: [16384]
190: model.layers.20.mlp.gate_up_proj.zeroPoint shape: [16384]
191: model.layers.20.post_attention_layernorm.weight shape: [3072]
192: model.layers.20.self_attn.o_proj.8bit_weight shape: [3072, 3072]
193: model.layers.20.self_attn.o_proj.scale shape: [3072]
194: model.layers.20.self_attn.o_proj.zeroPoint shape: [3072]
195: model.layers.20.self_attn.qkv_proj.8bit_weight shape: [9216, 3072]
196: model.layers.20.self_attn.qkv_proj.scale shape: [9216]
197: model.layers.20.self_attn.qkv_proj.zeroPoint shape: [9216]
198: model.layers.21.input_layernorm.weight shape: [3072]
199: model.layers.21.mlp.down_proj.8bit_weight shape: [3072, 8192]
200: model.layers.21.mlp.down_proj.scale shape: [3072]
201: model.layers.21.mlp.down_proj.zeroPoint shape: [3072]
202: model.layers.21.mlp.gate_up_proj.8bit_weight shape: [16384, 3072]
203: model.layers.21.mlp.gate_up_proj.scale shape: [16384]
204: model.layers.21.mlp.gate_up_proj.zeroPoint shape: [16384]
205: model.layers.21.post_attention_layernorm.weight shape: [3072]
206: model.layers.21.self_attn.o_proj.8bit_weight shape: [3072, 3072]
207: model.layers.21.self_attn.o_proj.scale shape: [3072]
208: model.layers.21.self_attn.o_proj.zeroPoint shape: [3072]
209: model.layers.21.self_attn.qkv_proj.8bit_weight shape: [9216, 3072]
210: model.layers.21.self_attn.qkv_proj.scale shape: [9216]
211: model.layers.21.self_attn.qkv_proj.zeroPoint shape: [9216]
212: model.layers.22.input_layernorm.weight shape: [3072]
213: model.layers.22.mlp.down_proj.8bit_weight shape: [3072, 8192]
214: model.layers.22.mlp.down_proj.scale shape: [3072]
215: model.layers.22.mlp.down_proj.zeroPoint shape: [3072]
216: model.layers.22.mlp.gate_up_proj.8bit_weight shape: [16384, 3072]
217: model.layers.22.mlp.gate_up_proj.scale shape: [16384]
218: model.layers.22.mlp.gate_up_proj.zeroPoint shape: [16384]
219: model.layers.22.post_attention_layernorm.weight shape: [3072]
220: model.layers.22.self_attn.o_proj.8bit_weight shape: [3072, 3072]
221: model.layers.22.self_attn.o_proj.scale shape: [3072]
222: model.layers.22.self_attn.o_proj.zeroPoint shape: [3072]
223: model.layers.22.self_attn.qkv_proj.8bit_weight shape: [9216, 3072]
224: model.layers.22.self_attn.qkv_proj.scale shape: [9216]
225: model.layers.22.self_attn.qkv_proj.zeroPoint shape: [9216]
226: model.layers.23.input_layernorm.weight shape: [3072]
227: model.layers.23.mlp.down_proj.8bit_weight shape: [3072, 8192]
228: model.layers.23.mlp.down_proj.scale shape: [3072]
229: model.layers.23.mlp.down_proj.zeroPoint shape: [3072]
230: model.layers.23.mlp.gate_up_proj.8bit_weight shape: [16384, 3072]
231: model.layers.23.mlp.gate_up_proj.scale shape: [16384]
232: model.layers.23.mlp.gate_up_proj.zeroPoint shape: [16384]
233: model.layers.23.post_attention_layernorm.weight shape: [3072]
234: model.layers.23.self_attn.o_proj.8bit_weight shape: [3072, 3072]
235: model.layers.23.self_attn.o_proj.scale shape: [3072]
236: model.layers.23.self_attn.o_proj.zeroPoint shape: [3072]
237: model.layers.23.self_attn.qkv_proj.8bit_weight shape: [9216, 3072]
238: model.layers.23.self_attn.qkv_proj.scale shape: [9216]
239: model.layers.23.self_attn.qkv_proj.zeroPoint shape: [9216]
240: model.layers.24.input_layernorm.weight shape: [3072]
241: model.layers.24.mlp.down_proj.8bit_weight shape: [3072, 8192]
242: model.layers.24.mlp.down_proj.scale shape: [3072]
243: model.layers.24.mlp.down_proj.zeroPoint shape: [3072]
244: model.layers.24.mlp.gate_up_proj.8bit_weight shape: [16384, 3072]
245: model.layers.24.mlp.gate_up_proj.scale shape: [16384]
246: model.layers.24.mlp.gate_up_proj.zeroPoint shape: [16384]
247: model.layers.24.post_attention_layernorm.weight shape: [3072]
248: model.layers.24.self_attn.o_proj.8bit_weight shape: [3072, 3072]
249: model.layers.24.self_attn.o_proj.scale shape: [3072]
250: model.layers.24.self_attn.o_proj.zeroPoint shape: [3072]
251: model.layers.24.self_attn.qkv_proj.8bit_weight shape: [9216, 3072]
252: model.layers.24.self_attn.qkv_proj.scale shape: [9216]
253: model.layers.24.self_attn.qkv_proj.zeroPoint shape: [9216]
254: model.layers.25.input_layernorm.weight shape: [3072]
255: model.layers.25.mlp.down_proj.8bit_weight shape: [3072, 8192]
256: model.layers.25.mlp.down_proj.scale shape: [3072]
257: model.layers.25.mlp.down_proj.zeroPoint shape: [3072]
258: model.layers.25.mlp.gate_up_proj.8bit_weight shape: [16384, 3072]
259: model.layers.25.mlp.gate_up_proj.scale shape: [16384]
260: model.layers.25.mlp.gate_up_proj.zeroPoint shape: [16384]
261: model.layers.25.post_attention_layernorm.weight shape: [3072]
262: model.layers.25.self_attn.o_proj.8bit_weight shape: [3072, 3072]
263: model.layers.25.self_attn.o_proj.scale shape: [3072]
264: model.layers.25.self_attn.o_proj.zeroPoint shape: [3072]
265: model.layers.25.self_attn.qkv_proj.8bit_weight shape: [9216, 3072]
266: model.layers.25.self_attn.qkv_proj.scale shape: [9216]
267: model.layers.25.self_attn.qkv_proj.zeroPoint shape: [9216]
268: model.layers.26.input_layernorm.weight shape: [3072]
269: model.layers.26.mlp.down_proj.8bit_weight shape: [3072, 8192]
270: model.layers.26.mlp.down_proj.scale shape: [3072]
271: model.layers.26.mlp.down_proj.zeroPoint shape: [3072]
272: model.layers.26.mlp.gate_up_proj.8bit_weight shape: [16384, 3072]
273: model.layers.26.mlp.gate_up_proj.scale shape: [16384]
274: model.layers.26.mlp.gate_up_proj.zeroPoint shape: [16384]
275: model.layers.26.post_attention_layernorm.weight shape: [3072]
276: model.layers.26.self_attn.o_proj.8bit_weight shape: [3072, 3072]
277: model.layers.26.self_attn.o_proj.scale shape: [3072]
278: model.layers.26.self_attn.o_proj.zeroPoint shape: [3072]
279: model.layers.26.self_attn.qkv_proj.8bit_weight shape: [9216, 3072]
280: model.layers.26.self_attn.qkv_proj.scale shape: [9216]
281: model.layers.26.self_attn.qkv_proj.zeroPoint shape: [9216]
282: model.layers.27.input_layernorm.weight shape: [3072]
283: model.layers.27.mlp.down_proj.8bit_weight shape: [3072, 8192]
284: model.layers.27.mlp.down_proj.scale shape: [3072]
285: model.layers.27.mlp.down_proj.zeroPoint shape: [3072]
286: model.layers.27.mlp.gate_up_proj.8bit_weight shape: [16384, 3072]
287: model.layers.27.mlp.gate_up_proj.scale shape: [16384]
288: model.layers.27.mlp.gate_up_proj.zeroPoint shape: [16384]
289: model.layers.27.post_attention_layernorm.weight shape: [3072]
290: model.layers.27.self_attn.o_proj.8bit_weight shape: [3072, 3072]
291: model.layers.27.self_attn.o_proj.scale shape: [3072]
292: model.layers.27.self_attn.o_proj.zeroPoint shape: [3072]
293: model.layers.27.self_attn.qkv_proj.8bit_weight shape: [9216, 3072]
294: model.layers.27.self_attn.qkv_proj.scale shape: [9216]
295: model.layers.27.self_attn.qkv_proj.zeroPoint shape: [9216]
296: model.layers.28.input_layernorm.weight shape: [3072]
297: model.layers.28.mlp.down_proj.8bit_weight shape: [3072, 8192]
298: model.layers.28.mlp.down_proj.scale shape: [3072]
299: model.layers.28.mlp.down_proj.zeroPoint shape: [3072]
300: model.layers.28.mlp.gate_up_proj.8bit_weight shape: [16384, 3072]
301: model.layers.28.mlp.gate_up_proj.scale shape: [16384]
302: model.layers.28.mlp.gate_up_proj.zeroPoint shape: [16384]
303: model.layers.28.post_attention_layernorm.weight shape: [3072]
304: model.layers.28.self_attn.o_proj.8bit_weight shape: [3072, 3072]
305: model.layers.28.self_attn.o_proj.scale shape: [3072]
306: model.layers.28.self_attn.o_proj.zeroPoint shape: [3072]
307: model.layers.28.self_attn.qkv_proj.8bit_weight shape: [9216, 3072]
308: model.layers.28.self_attn.qkv_proj.scale shape: [9216]
309: model.layers.28.self_attn.qkv_proj.zeroPoint shape: [9216]
310: model.layers.29.input_layernorm.weight shape: [3072]
311: model.layers.29.mlp.down_proj.8bit_weight shape: [3072, 8192]
312: model.layers.29.mlp.down_proj.scale shape: [3072]
313: model.layers.29.mlp.down_proj.zeroPoint shape: [3072]
314: model.layers.29.mlp.gate_up_proj.8bit_weight shape: [16384, 3072]
315: model.layers.29.mlp.gate_up_proj.scale shape: [16384]
316: model.layers.29.mlp.gate_up_proj.zeroPoint shape: [16384]
317: model.layers.29.post_attention_layernorm.weight shape: [3072]
318: model.layers.29.self_attn.o_proj.8bit_weight shape: [3072, 3072]
319: model.layers.29.self_attn.o_proj.scale shape: [3072]
320: model.layers.29.self_attn.o_proj.zeroPoint shape: [3072]
321: model.layers.29.self_attn.qkv_proj.8bit_weight shape: [9216, 3072]
322: model.layers.29.self_attn.qkv_proj.scale shape: [9216]
323: model.layers.29.self_attn.qkv_proj.zeroPoint shape: [9216]
324: model.layers.3.input_layernorm.weight shape: [3072]
325: model.layers.3.mlp.down_proj.8bit_weight shape: [3072, 8192]
326: model.layers.3.mlp.down_proj.scale shape: [3072]
327: model.layers.3.mlp.down_proj.zeroPoint shape: [3072]
328: model.layers.3.mlp.gate_up_proj.8bit_weight shape: [16384, 3072]
329: model.layers.3.mlp.gate_up_proj.scale shape: [16384]
330: model.layers.3.mlp.gate_up_proj.zeroPoint shape: [16384]
331: model.layers.3.post_attention_layernorm.weight shape: [3072]
332: model.layers.3.self_attn.o_proj.8bit_weight shape: [3072, 3072]
333: model.layers.3.self_attn.o_proj.scale shape: [3072]
334: model.layers.3.self_attn.o_proj.zeroPoint shape: [3072]
335: model.layers.3.self_attn.qkv_proj.8bit_weight shape: [9216, 3072]
336: model.layers.3.self_attn.qkv_proj.scale shape: [9216]
337: model.layers.3.self_attn.qkv_proj.zeroPoint shape: [9216]
338: model.layers.30.input_layernorm.weight shape: [3072]
339: model.layers.30.mlp.down_proj.8bit_weight shape: [3072, 8192]
340: model.layers.30.mlp.down_proj.scale shape: [3072]
341: model.layers.30.mlp.down_proj.zeroPoint shape: [3072]
342: model.layers.30.mlp.gate_up_proj.8bit_weight shape: [16384, 3072]
343: model.layers.30.mlp.gate_up_proj.scale shape: [16384]
344: model.layers.30.mlp.gate_up_proj.zeroPoint shape: [16384]
345: model.layers.30.post_attention_layernorm.weight shape: [3072]
346: model.layers.30.self_attn.o_proj.8bit_weight shape: [3072, 3072]
347: model.layers.30.self_attn.o_proj.scale shape: [3072]
348: model.layers.30.self_attn.o_proj.zeroPoint shape: [3072]
349: model.layers.30.self_attn.qkv_proj.8bit_weight shape: [9216, 3072]
350: model.layers.30.self_attn.qkv_proj.scale shape: [9216]
351: model.layers.30.self_attn.qkv_proj.zeroPoint shape: [9216]
352: model.layers.31.input_layernorm.weight shape: [3072]
353: model.layers.31.mlp.down_proj.8bit_weight shape: [3072, 8192]
354: model.layers.31.mlp.down_proj.scale shape: [3072]
355: model.layers.31.mlp.down_proj.zeroPoint shape: [3072]
356: model.layers.31.mlp.gate_up_proj.8bit_weight shape: [16384, 3072]
357: model.layers.31.mlp.gate_up_proj.scale shape: [16384]
358: model.layers.31.mlp.gate_up_proj.zeroPoint shape: [16384]
359: model.layers.31.post_attention_layernorm.weight shape: [3072]
360: model.layers.31.self_attn.o_proj.8bit_weight shape: [3072, 3072]
361: model.layers.31.self_attn.o_proj.scale shape: [3072]
362: model.layers.31.self_attn.o_proj.zeroPoint shape: [3072]
363: model.layers.31.self_attn.qkv_proj.8bit_weight shape: [9216, 3072]
364: model.layers.31.self_attn.qkv_proj.scale shape: [9216]
365: model.layers.31.self_attn.qkv_proj.zeroPoint shape: [9216]
366: model.layers.4.input_layernorm.weight shape: [3072]
367: model.layers.4.mlp.down_proj.8bit_weight shape: [3072, 8192]
368: model.layers.4.mlp.down_proj.scale shape: [3072]
369: model.layers.4.mlp.down_proj.zeroPoint shape: [3072]
370: model.layers.4.mlp.gate_up_proj.8bit_weight shape: [16384, 3072]
371: model.layers.4.mlp.gate_up_proj.scale shape: [16384]
372: model.layers.4.mlp.gate_up_proj.zeroPoint shape: [16384]
373: model.layers.4.post_attention_layernorm.weight shape: [3072]
374: model.layers.4.self_attn.o_proj.8bit_weight shape: [3072, 3072]
375: model.layers.4.self_attn.o_proj.scale shape: [3072]
376: model.layers.4.self_attn.o_proj.zeroPoint shape: [3072]
377: model.layers.4.self_attn.qkv_proj.8bit_weight shape: [9216, 3072]
378: model.layers.4.self_attn.qkv_proj.scale shape: [9216]
379: model.layers.4.self_attn.qkv_proj.zeroPoint shape: [9216]
380: model.layers.5.input_layernorm.weight shape: [3072]
381: model.layers.5.mlp.down_proj.8bit_weight shape: [3072, 8192]
382: model.layers.5.mlp.down_proj.scale shape: [3072]
383: model.layers.5.mlp.down_proj.zeroPoint shape: [3072]
384: model.layers.5.mlp.gate_up_proj.8bit_weight shape: [16384, 3072]
385: model.layers.5.mlp.gate_up_proj.scale shape: [16384]
386: model.layers.5.mlp.gate_up_proj.zeroPoint shape: [16384]
387: model.layers.5.post_attention_layernorm.weight shape: [3072]
388: model.layers.5.self_attn.o_proj.8bit_weight shape: [3072, 3072]
389: model.layers.5.self_attn.o_proj.scale shape: [3072]
390: model.layers.5.self_attn.o_proj.zeroPoint shape: [3072]
391: model.layers.5.self_attn.qkv_proj.8bit_weight shape: [9216, 3072]
392: model.layers.5.self_attn.qkv_proj.scale shape: [9216]
393: model.layers.5.self_attn.qkv_proj.zeroPoint shape: [9216]
394: model.layers.6.input_layernorm.weight shape: [3072]
395: model.layers.6.mlp.down_proj.8bit_weight shape: [3072, 8192]
396: model.layers.6.mlp.down_proj.scale shape: [3072]
397: model.layers.6.mlp.down_proj.zeroPoint shape: [3072]
398: model.layers.6.mlp.gate_up_proj.8bit_weight shape: [16384, 3072]
399: model.layers.6.mlp.gate_up_proj.scale shape: [16384]
400: model.layers.6.mlp.gate_up_proj.zeroPoint shape: [16384]
401: model.layers.6.post_attention_layernorm.weight shape: [3072]
402: model.layers.6.self_attn.o_proj.8bit_weight shape: [3072, 3072]
403: model.layers.6.self_attn.o_proj.scale shape: [3072]
404: model.layers.6.self_attn.o_proj.zeroPoint shape: [3072]
405: model.layers.6.self_attn.qkv_proj.8bit_weight shape: [9216, 3072]
406: model.layers.6.self_attn.qkv_proj.scale shape: [9216]
407: model.layers.6.self_attn.qkv_proj.zeroPoint shape: [9216]
408: model.layers.7.input_layernorm.weight shape: [3072]
409: model.layers.7.mlp.down_proj.8bit_weight shape: [3072, 8192]
410: model.layers.7.mlp.down_proj.scale shape: [3072]
411: model.layers.7.mlp.down_proj.zeroPoint shape: [3072]
412: model.layers.7.mlp.gate_up_proj.8bit_weight shape: [16384, 3072]
413: model.layers.7.mlp.gate_up_proj.scale shape: [16384]
414: model.layers.7.mlp.gate_up_proj.zeroPoint shape: [16384]
415: model.layers.7.post_attention_layernorm.weight shape: [3072]
416: model.layers.7.self_attn.o_proj.8bit_weight shape: [3072, 3072]
417: model.layers.7.self_attn.o_proj.scale shape: [3072]
418: model.layers.7.self_attn.o_proj.zeroPoint shape: [3072]
419: model.layers.7.self_attn.qkv_proj.8bit_weight shape: [9216, 3072]
420: model.layers.7.self_attn.qkv_proj.scale shape: [9216]
421: model.layers.7.self_attn.qkv_proj.zeroPoint shape: [9216]
422: model.layers.8.input_layernorm.weight shape: [3072]
423: model.layers.8.mlp.down_proj.8bit_weight shape: [3072, 8192]
424: model.layers.8.mlp.down_proj.scale shape: [3072]
425: model.layers.8.mlp.down_proj.zeroPoint shape: [3072]
426: model.layers.8.mlp.gate_up_proj.8bit_weight shape: [16384, 3072]
427: model.layers.8.mlp.gate_up_proj.scale shape: [16384]
428: model.layers.8.mlp.gate_up_proj.zeroPoint shape: [16384]
429: model.layers.8.post_attention_layernorm.weight shape: [3072]
430: model.layers.8.self_attn.o_proj.8bit_weight shape: [3072, 3072]
431: model.layers.8.self_attn.o_proj.scale shape: [3072]
432: model.layers.8.self_attn.o_proj.zeroPoint shape: [3072]
433: model.layers.8.self_attn.qkv_proj.8bit_weight shape: [9216, 3072]
434: model.layers.8.self_attn.qkv_proj.scale shape: [9216]
435: model.layers.8.self_attn.qkv_proj.zeroPoint shape: [9216]
436: model.layers.9.input_layernorm.weight shape: [3072]
437: model.layers.9.mlp.down_proj.8bit_weight shape: [3072, 8192]
438: model.layers.9.mlp.down_proj.scale shape: [3072]
439: model.layers.9.mlp.down_proj.zeroPoint shape: [3072]
440: model.layers.9.mlp.gate_up_proj.8bit_weight shape: [16384, 3072]
441: model.layers.9.mlp.gate_up_proj.scale shape: [16384]
442: model.layers.9.mlp.gate_up_proj.zeroPoint shape: [16384]
443: model.layers.9.post_attention_layernorm.weight shape: [3072]
444: model.layers.9.self_attn.o_proj.8bit_weight shape: [3072, 3072]
445: model.layers.9.self_attn.o_proj.scale shape: [3072]
446: model.layers.9.self_attn.o_proj.zeroPoint shape: [3072]
447: model.layers.9.self_attn.qkv_proj.8bit_weight shape: [9216, 3072]
448: model.layers.9.self_attn.qkv_proj.scale shape: [9216]
449: model.layers.9.self_attn.qkv_proj.zeroPoint shape: [9216]
450: model.norm.weight shape: [3072]
