 [{"type": "function", "function": {"name": "get_current_weather", "description": "Get the current weather", "parameters": {"type": "object", "properties": {"location": {"type": "string", "description": "The city and state, e.g. San Francisco, CA"}, "format": {"type": "string", "enum": ["celsius", "fahrenheit"], "description": "The temperature unit to use. Infer this from the users location."}}, "required": ["location", "format"]}}}] What's the weather like in Paris? [{"name": "get_current_temperature", "arguments": {"location": "Paris, France", "unit": "celsius"}, "id": "9Ae3bDc2F"}] {"content": 22.0, "call_id": "9Ae3bDc2F"} The current temperature in Paris is 22.0 degrees celsius.
1, 1, 6, 1501, 7567, 1891, 2032, 1113, 3396, 1316, 1113, 3396, 2032, 10598, 1629, 2032, 1113, 1295, 29498, 3790, 29498, 1537, 1991, 1316, 1113, 7286, 2032, 1113, 2226, 1040, 2636, 8854, 1316, 1113, 12206, 2032, 10598, 1891, 2032, 1113, 3582, 1316, 1113, 11491, 2032, 10598, 3501, 2032, 10598, 1891, 2032, 1113, 2195, 1316, 1113, 7286, 2032, 1113, 1782, 3758, 1072, 2433, 29493, 1085, 29491, 29489, 29491, 4420, 10454, 29493, 10229, 8474, 1113, 4530, 2032, 10598, 1891, 2032, 1113, 2195, 1316, 1113, 10825, 2032, 8135, 29485, 1958, 3938, 1316, 1113, 29490, 19425, 13075, 9651, 1113, 7286, 2032, 1113, 1782, 8409, 5796, 1066, 1706, 29491, 1328, 1410, 1224, 1245, 1040, 6211, 5491, 1379, 11549, 1113, 11661, 2032, 8135, 3501, 1316, 1113, 4530, 3010, 14879, 29561, 7, 3, 2592, 29510, 29481, 1040, 8854, 1505, 1065, 6233, 29572, 4, 5, 1501, 7567, 1629, 2032, 1113, 1295, 29498, 3790, 29498, 29475, 17329, 1316, 1113, 17452, 2032, 10598, 3501, 2032, 1113, 4684, 1046, 29493, 5611, 1316, 1113, 6074, 2032, 1113, 29485, 1958, 3938, 8474, 1113, 1081, 2032, 1113, 29542, 29509, 29474, 29538, 29494, 29525, 29485, 29518, 29533, 29507, 10925, 2, 8, 10598, 4557, 2032, 29473, 29518, 29518, 29491, 29502, 29493, 1113, 3613, 29498, 1081, 2032, 1113, 29542, 29509, 29474, 29538, 29494, 29525, 29485, 29518, 29533, 18163, 9, 1183, 2636, 8409, 1065, 6233, 1117, 29473, 29518, 29518, 29491, 29502, 11950, 1045, 1958, 3938, 29491, 2
