[INST]You are a helpful AI assistant.

Hello?[/INST]World!</s>