<Project Sdk="Microsoft.NET.Sdk">

  <PropertyGroup>
    <OutputType>Exe</OutputType>
    <TargetFramework>netcoreapp2.1</TargetFramework>
  </PropertyGroup>
  <ItemGroup>
    <PackageReference Include="Microsoft.ML" Version="1.0.0" />
    <PackageReference Include="Microsoft.ML.LightGBM" Version="1.0.0" />
    <PackageReference Include="Microsoft.ML.Mkl.Components" Version="1.0.0" />
  </ItemGroup>
  <ItemGroup>
    <ProjectReference Include="..\TestNamespace.Model\TestNamespace.Model.csproj" />
  </ItemGroup>
</Project>
